Testing Gemini API with gemini-2.0-flash...
Error detected:
ApiError: {"error":{"code":429,"message":"You exceeded your current quota, please check your plan and billing details. For more information on this error, head to: https://ai.google.dev/gemini-api/docs/rate-limits. To monitor your current usage, head to: https://ai.dev/usage?tab=rate-limit. \n* Quota exceeded for metric: generativelanguage.googleapis.com/generate_content_free_tier_input_token_count, limit: 0, model: gemini-2.0-flash\n* Quota exceeded for metric: generativelanguage.googleapis.com/generate_content_free_tier_requests, limit: 0, model: gemini-2.0-flash\n* Quota exceeded for metric: generativelanguage.googleapis.com/generate_content_free_tier_requests, limit: 0, model: gemini-2.0-flash\nPlease retry in 15.38779635s.","status":"RESOURCE_EXHAUSTED","details":[{"@type":"type.googleapis.com/google.rpc.Help","links":[{"description":"Learn more about Gemini API quotas","url":"https://ai.google.dev/gemini-api/docs/rate-limits"}]},{"@type":"type.googleapis.com/google.rpc.QuotaFailure","violations":[{"quotaMetric":"generativelanguage.googleapis.com/generate_content_free_tier_input_token_count","quotaId":"GenerateContentInputTokensPerModelPerMinute-FreeTier","quotaDimensions":{"location":"global","model":"gemini-2.0-flash"}},{"quotaMetric":"generativelanguage.googleapis.com/generate_content_free_tier_requests","quotaId":"GenerateRequestsPerMinutePerProjectPerModel-FreeTier","quotaDimensions":{"location":"global","model":"gemini-2.0-flash"}},{"quotaMetric":"generativelanguage.googleapis.com/generate_content_free_tier_requests","quotaId":"GenerateRequestsPerDayPerProjectPerModel-FreeTier","quotaDimensions":{"model":"gemini-2.0-flash","location":"global"}}]},{"@type":"type.googleapis.com/google.rpc.RetryInfo","retryDelay":"15s"}]}}
    at throwErrorIfNotOK (file:///home/lee/Documents/The%20Chef's%20Muse/node_modules/@google/genai/dist/node/index.mjs:11984:30)
    at process.processTicksAndRejections (node:internal/process/task_queues:105:5)
    at async file:///home/lee/Documents/The%20Chef's%20Muse/node_modules/@google/genai/dist/node/index.mjs:11704:13
    at async Models.generateContent (file:///home/lee/Documents/The%20Chef's%20Muse/node_modules/@google/genai/dist/node/index.mjs:13034:24)
    at async test (file:///home/lee/Documents/The%20Chef's%20Muse/test_genai.js:9:26) {
  status: 429
}
